<html>
<body>
<pre>
<h1>µVision Build Log</h1>
<h2>Project:</h2>
E:\GuohuaProject\Projects\Guohua\ble\BK3431_designkit_V2.7\BLE.uvproj
Project File Date:  12/04/2017

<h2>Output:</h2>
Clean started: Project: 'BLE'
   deleting intermediate output files for target 'BLE'
Rebuild target 'BLE'
Clean started - Project: 'BLE'
   deleting intermediate output files for target 'BLE'
compiling hw_radio.c...
compiling hcit_chimera_16550_serial.c...
compiling BKPeriUnitAPI.c...
compiling BKSystemAPI.c...
hal\prth_chimera\hw\BKSystemAPI.c(350): warning:  #68-D: integer conversion resulted in a change of sign
compiling sys_hal_config.c...
compiling sys_init.c...
compiling sys_irq.c...
compiling sys_main.c...
compiling sys_mmi.c...
hal\prth_chimera\sys\sys_mmi.c(402): warning:  #223-D: function "User_Notify" declared implicitly
hal\prth_chimera\sys\sys_mmi.c(407): warning:  #223-D: function "User_Notify" declared implicitly
hal\prth_chimera\sys\sys_mmi.c(52): warning:  #550-D: variable "current_button_state" was set but never used
hal\prth_chimera\sys\sys_mmi.c(53): warning:  #550-D: variable "last_button_state" was set but never used
compiling sys_power.c...
assembling sys_boot.s...
assembling sys_fiq_irq.s...
compiling BKUartAPI.c...
compiling BKGpioAPI.c...
compiling bt_init.c...
compiling bt_mini_sched.c...
compiling le_cts_app.c...
compiling LE_config.c...
compiling LE_gatt_server.c...
compiling sys_config.c...
compiling tc_interface.c...
compiling tc_cmd_disp.c...
compiling tc_event_gen.c...
compiling tra_uart.c...
compiling tra_hcit.c...
core\transport\tra_hcit.c(472): warning:  #177-D: variable "test_slavedata" was declared but never referenced
compiling tra_queue.c...
compiling LE_link_layer_patch.c...
compiling LE_connection_patch.c...
compiling tra_combined.c...
compiling tra_usb.c...
linking...
Program Size: Code=91284 RO-data=1260 RW-data=1020 ZI-data=11268  
".\obj\BLE.axf" - 0 Errors, 6 Warning(s).

*** Performing Cross-Module-Optimization:
compiling hw_radio.c...
compiling hcit_chimera_16550_serial.c...
compiling BKPeriUnitAPI.c...
compiling BKSystemAPI.c...
hal\prth_chimera\hw\BKSystemAPI.c(350): warning:  #68-D: integer conversion resulted in a change of sign
compiling sys_hal_config.c...
compiling sys_irq.c...
compiling sys_main.c...
compiling sys_mmi.c...
hal\prth_chimera\sys\sys_mmi.c(402): warning:  #223-D: function "User_Notify" declared implicitly
hal\prth_chimera\sys\sys_mmi.c(407): warning:  #223-D: function "User_Notify" declared implicitly
hal\prth_chimera\sys\sys_mmi.c(52): warning:  #550-D: variable "current_button_state" was set but never used
hal\prth_chimera\sys\sys_mmi.c(53): warning:  #550-D: variable "last_button_state" was set but never used
compiling sys_power.c...
compiling BKGpioAPI.c...
compiling bt_init.c...
compiling bt_mini_sched.c...
compiling le_cts_app.c...
compiling LE_config.c...
compiling LE_gatt_server.c...
compiling tc_interface.c...
compiling tc_event_gen.c...
compiling tra_uart.c...
compiling tra_hcit.c...
core\transport\tra_hcit.c(472): warning:  #177-D: variable "test_slavedata" was declared but never referenced
compiling tra_queue.c...
compiling LE_link_layer_patch.c...
compiling tra_usb.c...
linking...
Program Size: Code=91924 RO-data=1260 RW-data=1020 ZI-data=11268  
compiling hw_radio.c...
compiling hcit_chimera_16550_serial.c...
compiling BKPeriUnitAPI.c...
compiling BKSystemAPI.c...
hal\prth_chimera\hw\BKSystemAPI.c(350): warning:  #68-D: integer conversion resulted in a change of sign
compiling sys_hal_config.c...
compiling sys_irq.c...
compiling sys_main.c...
compiling sys_mmi.c...
hal\prth_chimera\sys\sys_mmi.c(402): warning:  #223-D: function "User_Notify" declared implicitly
hal\prth_chimera\sys\sys_mmi.c(407): warning:  #223-D: function "User_Notify" declared implicitly
hal\prth_chimera\sys\sys_mmi.c(52): warning:  #550-D: variable "current_button_state" was set but never used
hal\prth_chimera\sys\sys_mmi.c(53): warning:  #550-D: variable "last_button_state" was set but never used
compiling sys_power.c...
compiling BKGpioAPI.c...
compiling bt_init.c...
compiling bt_mini_sched.c...
compiling le_cts_app.c...
compiling LE_config.c...
compiling LE_gatt_server.c...
compiling tc_interface.c...
compiling tc_event_gen.c...
compiling tra_uart.c...
compiling tra_hcit.c...
core\transport\tra_hcit.c(472): warning:  #177-D: variable "test_slavedata" was declared but never referenced
compiling tra_queue.c...
compiling LE_link_layer_patch.c...
compiling tra_usb.c...
linking...
Program Size: Code=91924 RO-data=1260 RW-data=1020 ZI-data=11268  
FromELF: creating hex file...
After Build - User command #1: fromelf.exe  --bin --output=.\obj\output\BLE.bin .\obj\BLE.axf
".\obj\BLE.axf" - 0 Errors, 6 Warning(s).
*** Completed Cross-Module-Optimization after 3 iteration(s).
Rebuild target 'BLE'
Clean started - Project: 'BLE'
   deleting intermediate output files for target 'BLE'
compiling hw_radio.c...
compiling hcit_chimera_16550_serial.c...
compiling BKPeriUnitAPI.c...
compiling BKSystemAPI.c...
hal\prth_chimera\hw\BKSystemAPI.c(350): warning:  #68-D: integer conversion resulted in a change of sign
compiling sys_hal_config.c...
hal\prth_chimera\sys\sys_hal_config.c(86): warning:  #550-D: variable "macAddr" was set but never used
hal\prth_chimera\sys\sys_hal_config.c(87): warning:  #177-D: variable "macAddrOrg" was declared but never referenced
hal\prth_chimera\sys\sys_hal_config.c(88): warning:  #177-D: variable "devNameSuffix" was declared but never referenced
hal\prth_chimera\sys\sys_hal_config.c(89): warning:  #177-D: variable "devNameSuffixOrg" was declared but never referenced
compiling sys_init.c...
compiling sys_irq.c...
compiling sys_main.c...
compiling sys_mmi.c...
hal\prth_chimera\sys\sys_mmi.c(402): warning:  #223-D: function "User_Notify" declared implicitly
hal\prth_chimera\sys\sys_mmi.c(407): warning:  #223-D: function "User_Notify" declared implicitly
hal\prth_chimera\sys\sys_mmi.c(52): warning:  #550-D: variable "current_button_state" was set but never used
hal\prth_chimera\sys\sys_mmi.c(53): warning:  #550-D: variable "last_button_state" was set but never used
compiling sys_power.c...
assembling sys_boot.s...
assembling sys_fiq_irq.s...
compiling BKUartAPI.c...
compiling BKGpioAPI.c...
compiling bt_init.c...
compiling bt_mini_sched.c...
compiling le_cts_app.c...
core\le\le_cts_app.c(615): warning:  #223-D: function "driver_mfc_read_buf" declared implicitly
core\le\le_cts_app.c(617): error:  #20: identifier "i" is undefined
compiling LE_config.c...
compiling LE_gatt_server.c...
compiling sys_config.c...
compiling tc_interface.c...
compiling tc_cmd_disp.c...
compiling tc_event_gen.c...
compiling tra_uart.c...
compiling tra_hcit.c...
core\transport\tra_hcit.c(472): warning:  #177-D: variable "test_slavedata" was declared but never referenced
compiling tra_queue.c...
compiling LE_link_layer_patch.c...
compiling LE_connection_patch.c...
compiling tra_combined.c...
compiling tra_usb.c...
".\obj\BLE.axf" - 1 Errors, 11 Warning(s).

*** Performing Cross-Module-Optimization:
*** Feedback file '.\obj\BLE.fed' not found.
Target not created
Rebuild target 'BLE'
Clean started - Project: 'BLE'
   deleting intermediate output files for target 'BLE'
compiling hw_radio.c...
compiling hcit_chimera_16550_serial.c...
compiling BKPeriUnitAPI.c...
compiling BKSystemAPI.c...
hal\prth_chimera\hw\BKSystemAPI.c(350): warning:  #68-D: integer conversion resulted in a change of sign
compiling sys_hal_config.c...
hal\prth_chimera\sys\sys_hal_config.c(89): warning:  #550-D: variable "macAddr" was set but never used
hal\prth_chimera\sys\sys_hal_config.c(90): warning:  #177-D: variable "macAddrOrg" was declared but never referenced
hal\prth_chimera\sys\sys_hal_config.c(91): warning:  #177-D: variable "devNameSuffix" was declared but never referenced
hal\prth_chimera\sys\sys_hal_config.c(92): warning:  #177-D: variable "devNameSuffixOrg" was declared but never referenced
compiling sys_init.c...
compiling sys_irq.c...
compiling sys_main.c...
compiling sys_mmi.c...
hal\prth_chimera\sys\sys_mmi.c(402): warning:  #223-D: function "User_Notify" declared implicitly
hal\prth_chimera\sys\sys_mmi.c(407): warning:  #223-D: function "User_Notify" declared implicitly
hal\prth_chimera\sys\sys_mmi.c(52): warning:  #550-D: variable "current_button_state" was set but never used
hal\prth_chimera\sys\sys_mmi.c(53): warning:  #550-D: variable "last_button_state" was set but never used
compiling sys_power.c...
assembling sys_boot.s...
assembling sys_fiq_irq.s...
compiling BKUartAPI.c...
compiling BKGpioAPI.c...
compiling bt_init.c...
compiling bt_mini_sched.c...
compiling le_cts_app.c...
core\le\le_cts_app.c(623): error:  #137: expression must be a modifiable lvalue
compiling LE_config.c...
compiling LE_gatt_server.c...
compiling sys_config.c...
compiling tc_interface.c...
compiling tc_cmd_disp.c...
compiling tc_event_gen.c...
compiling tra_uart.c...
compiling tra_hcit.c...
core\transport\tra_hcit.c(472): warning:  #177-D: variable "test_slavedata" was declared but never referenced
compiling tra_queue.c...
compiling LE_link_layer_patch.c...
compiling LE_connection_patch.c...
compiling tra_combined.c...
compiling tra_usb.c...
".\obj\BLE.axf" - 1 Errors, 10 Warning(s).

*** Performing Cross-Module-Optimization:
*** Feedback file '.\obj\BLE.fed' not found.
Target not created
Rebuild target 'BLE'
Clean started - Project: 'BLE'
   deleting intermediate output files for target 'BLE'
compiling hw_radio.c...
compiling hcit_chimera_16550_serial.c...
compiling BKPeriUnitAPI.c...
compiling BKSystemAPI.c...
hal\prth_chimera\hw\BKSystemAPI.c(350): warning:  #68-D: integer conversion resulted in a change of sign
compiling sys_hal_config.c...
hal\prth_chimera\sys\sys_hal_config.c(89): warning:  #550-D: variable "macAddr" was set but never used
hal\prth_chimera\sys\sys_hal_config.c(90): warning:  #177-D: variable "macAddrOrg" was declared but never referenced
hal\prth_chimera\sys\sys_hal_config.c(91): warning:  #177-D: variable "devNameSuffix" was declared but never referenced
hal\prth_chimera\sys\sys_hal_config.c(92): warning:  #177-D: variable "devNameSuffixOrg" was declared but never referenced
compiling sys_init.c...
compiling sys_irq.c...
compiling sys_main.c...
compiling sys_mmi.c...
hal\prth_chimera\sys\sys_mmi.c(402): warning:  #223-D: function "User_Notify" declared implicitly
hal\prth_chimera\sys\sys_mmi.c(407): warning:  #223-D: function "User_Notify" declared implicitly
hal\prth_chimera\sys\sys_mmi.c(52): warning:  #550-D: variable "current_button_state" was set but never used
hal\prth_chimera\sys\sys_mmi.c(53): warning:  #550-D: variable "last_button_state" was set but never used
compiling sys_power.c...
assembling sys_boot.s...
assembling sys_fiq_irq.s...
compiling BKUartAPI.c...
compiling BKGpioAPI.c...
compiling bt_init.c...
compiling bt_mini_sched.c...
compiling le_cts_app.c...
compiling LE_config.c...
compiling LE_gatt_server.c...
compiling sys_config.c...
compiling tc_interface.c...
compiling tc_cmd_disp.c...
compiling tc_event_gen.c...
compiling tra_uart.c...
compiling tra_hcit.c...
core\transport\tra_hcit.c(472): warning:  #177-D: variable "test_slavedata" was declared but never referenced
compiling tra_queue.c...
compiling LE_link_layer_patch.c...
compiling LE_connection_patch.c...
compiling tra_combined.c...
compiling tra_usb.c...
linking...
Program Size: Code=91368 RO-data=1248 RW-data=1036 ZI-data=11268  
".\obj\BLE.axf" - 0 Errors, 10 Warning(s).

*** Performing Cross-Module-Optimization:
compiling hw_radio.c...
compiling hcit_chimera_16550_serial.c...
compiling BKPeriUnitAPI.c...
compiling BKSystemAPI.c...
hal\prth_chimera\hw\BKSystemAPI.c(350): warning:  #68-D: integer conversion resulted in a change of sign
compiling sys_hal_config.c...
hal\prth_chimera\sys\sys_hal_config.c(89): warning:  #550-D: variable "macAddr" was set but never used
hal\prth_chimera\sys\sys_hal_config.c(90): warning:  #177-D: variable "macAddrOrg" was declared but never referenced
hal\prth_chimera\sys\sys_hal_config.c(91): warning:  #177-D: variable "devNameSuffix" was declared but never referenced
hal\prth_chimera\sys\sys_hal_config.c(92): warning:  #177-D: variable "devNameSuffixOrg" was declared but never referenced
compiling sys_irq.c...
compiling sys_main.c...
compiling sys_mmi.c...
hal\prth_chimera\sys\sys_mmi.c(402): warning:  #223-D: function "User_Notify" declared implicitly
hal\prth_chimera\sys\sys_mmi.c(407): warning:  #223-D: function "User_Notify" declared implicitly
hal\prth_chimera\sys\sys_mmi.c(52): warning:  #550-D: variable "current_button_state" was set but never used
hal\prth_chimera\sys\sys_mmi.c(53): warning:  #550-D: variable "last_button_state" was set but never used
compiling sys_power.c...
compiling BKGpioAPI.c...
compiling bt_init.c...
compiling bt_mini_sched.c...
compiling le_cts_app.c...
compiling LE_config.c...
compiling LE_gatt_server.c...
compiling tc_interface.c...
compiling tc_event_gen.c...
compiling tra_uart.c...
compiling tra_hcit.c...
core\transport\tra_hcit.c(472): warning:  #177-D: variable "test_slavedata" was declared but never referenced
compiling tra_queue.c...
compiling LE_link_layer_patch.c...
compiling tra_usb.c...
linking...
Program Size: Code=92012 RO-data=1248 RW-data=1036 ZI-data=11268  
compiling hw_radio.c...
compiling hcit_chimera_16550_serial.c...
compiling BKPeriUnitAPI.c...
compiling BKSystemAPI.c...
hal\prth_chimera\hw\BKSystemAPI.c(350): warning:  #68-D: integer conversion resulted in a change of sign
compiling sys_hal_config.c...
hal\prth_chimera\sys\sys_hal_config.c(89): warning:  #550-D: variable "macAddr" was set but never used
hal\prth_chimera\sys\sys_hal_config.c(90): warning:  #177-D: variable "macAddrOrg" was declared but never referenced
hal\prth_chimera\sys\sys_hal_config.c(91): warning:  #177-D: variable "devNameSuffix" was declared but never referenced
hal\prth_chimera\sys\sys_hal_config.c(92): warning:  #177-D: variable "devNameSuffixOrg" was declared but never referenced
compiling sys_irq.c...
compiling sys_main.c...
compiling sys_mmi.c...
hal\prth_chimera\sys\sys_mmi.c(402): warning:  #223-D: function "User_Notify" declared implicitly
hal\prth_chimera\sys\sys_mmi.c(407): warning:  #223-D: function "User_Notify" declared implicitly
hal\prth_chimera\sys\sys_mmi.c(52): warning:  #550-D: variable "current_button_state" was set but never used
hal\prth_chimera\sys\sys_mmi.c(53): warning:  #550-D: variable "last_button_state" was set but never used
compiling sys_power.c...
compiling BKGpioAPI.c...
compiling bt_init.c...
compiling bt_mini_sched.c...
compiling le_cts_app.c...
compiling LE_config.c...
compiling LE_gatt_server.c...
compiling tc_interface.c...
compiling tc_event_gen.c...
compiling tra_uart.c...
compiling tra_hcit.c...
core\transport\tra_hcit.c(472): warning:  #177-D: variable "test_slavedata" was declared but never referenced
compiling tra_queue.c...
compiling LE_link_layer_patch.c...
compiling tra_usb.c...
linking...
Program Size: Code=92012 RO-data=1248 RW-data=1036 ZI-data=11268  
FromELF: creating hex file...
After Build - User command #1: fromelf.exe  --bin --output=.\obj\output\BLE.bin .\obj\BLE.axf
".\obj\BLE.axf" - 0 Errors, 10 Warning(s).
*** Completed Cross-Module-Optimization after 3 iteration(s).
Rebuild target 'BLE'
Clean started - Project: 'BLE'
   deleting intermediate output files for target 'BLE'
compiling hw_radio.c...
compiling hcit_chimera_16550_serial.c...
compiling BKPeriUnitAPI.c...
compiling BKSystemAPI.c...
hal\prth_chimera\hw\BKSystemAPI.c(350): warning:  #68-D: integer conversion resulted in a change of sign
compiling sys_hal_config.c...
compiling sys_init.c...
compiling sys_irq.c...
compiling sys_main.c...
compiling sys_mmi.c...
hal\prth_chimera\sys\sys_mmi.c(402): warning:  #223-D: function "User_Notify" declared implicitly
hal\prth_chimera\sys\sys_mmi.c(407): warning:  #223-D: function "User_Notify" declared implicitly
hal\prth_chimera\sys\sys_mmi.c(52): warning:  #550-D: variable "current_button_state" was set but never used
hal\prth_chimera\sys\sys_mmi.c(53): warning:  #550-D: variable "last_button_state" was set but never used
compiling sys_power.c...
assembling sys_boot.s...
assembling sys_fiq_irq.s...
compiling BKUartAPI.c...
compiling BKGpioAPI.c...
compiling bt_init.c...
compiling bt_mini_sched.c...
compiling le_cts_app.c...
compiling LE_config.c...
compiling LE_gatt_server.c...
compiling sys_config.c...
compiling tc_interface.c...
compiling tc_cmd_disp.c...
compiling tc_event_gen.c...
compiling tra_uart.c...
compiling tra_hcit.c...
core\transport\tra_hcit.c(472): warning:  #177-D: variable "test_slavedata" was declared but never referenced
compiling tra_queue.c...
compiling LE_link_layer_patch.c...
compiling LE_connection_patch.c...
compiling tra_combined.c...
compiling tra_usb.c...
linking...
Program Size: Code=91716 RO-data=1248 RW-data=1052 ZI-data=11268  
".\obj\BLE.axf" - 0 Errors, 6 Warning(s).

*** Performing Cross-Module-Optimization:
compiling hw_radio.c...
compiling hcit_chimera_16550_serial.c...
compiling BKPeriUnitAPI.c...
compiling BKSystemAPI.c...
hal\prth_chimera\hw\BKSystemAPI.c(350): warning:  #68-D: integer conversion resulted in a change of sign
compiling sys_hal_config.c...
compiling sys_irq.c...
compiling sys_main.c...
compiling sys_mmi.c...
hal\prth_chimera\sys\sys_mmi.c(402): warning:  #223-D: function "User_Notify" declared implicitly
hal\prth_chimera\sys\sys_mmi.c(407): warning:  #223-D: function "User_Notify" declared implicitly
hal\prth_chimera\sys\sys_mmi.c(52): warning:  #550-D: variable "current_button_state" was set but never used
hal\prth_chimera\sys\sys_mmi.c(53): warning:  #550-D: variable "last_button_state" was set but never used
compiling sys_power.c...
compiling BKGpioAPI.c...
compiling bt_init.c...
compiling bt_mini_sched.c...
compiling le_cts_app.c...
compiling LE_config.c...
compiling LE_gatt_server.c...
compiling tc_interface.c...
compiling tc_event_gen.c...
compiling tra_uart.c...
compiling tra_hcit.c...
core\transport\tra_hcit.c(472): warning:  #177-D: variable "test_slavedata" was declared but never referenced
compiling tra_queue.c...
compiling LE_link_layer_patch.c...
compiling tra_usb.c...
linking...
Program Size: Code=92360 RO-data=1248 RW-data=1052 ZI-data=11268  
compiling hw_radio.c...
compiling hcit_chimera_16550_serial.c...
compiling BKPeriUnitAPI.c...
compiling BKSystemAPI.c...
hal\prth_chimera\hw\BKSystemAPI.c(350): warning:  #68-D: integer conversion resulted in a change of sign
compiling sys_hal_config.c...
compiling sys_irq.c...
compiling sys_main.c...
compiling sys_mmi.c...
hal\prth_chimera\sys\sys_mmi.c(402): warning:  #223-D: function "User_Notify" declared implicitly
hal\prth_chimera\sys\sys_mmi.c(407): warning:  #223-D: function "User_Notify" declared implicitly
hal\prth_chimera\sys\sys_mmi.c(52): warning:  #550-D: variable "current_button_state" was set but never used
hal\prth_chimera\sys\sys_mmi.c(53): warning:  #550-D: variable "last_button_state" was set but never used
compiling sys_power.c...
compiling BKGpioAPI.c...
compiling bt_init.c...
compiling bt_mini_sched.c...
compiling le_cts_app.c...
compiling LE_config.c...
compiling LE_gatt_server.c...
compiling tc_interface.c...
compiling tc_event_gen.c...
compiling tra_uart.c...
compiling tra_hcit.c...
core\transport\tra_hcit.c(472): warning:  #177-D: variable "test_slavedata" was declared but never referenced
compiling tra_queue.c...
compiling LE_link_layer_patch.c...
compiling tra_usb.c...
linking...
Program Size: Code=92360 RO-data=1248 RW-data=1052 ZI-data=11268  
FromELF: creating hex file...
After Build - User command #1: fromelf.exe  --bin --output=.\obj\output\BLE.bin .\obj\BLE.axf
".\obj\BLE.axf" - 0 Errors, 6 Warning(s).
*** Completed Cross-Module-Optimization after 3 iteration(s).
